[22:27:04] INFO     ============================================================
[22:27:04] INFO       [DRY-RUN] 文件夹名称标准化预览
[22:27:04] INFO     ============================================================
[22:27:04] DEBUG    处理文件夹: FVFHSF0003D0001JYP_FVFHSF0003D0001JYP#218_20260623_111248
[22:27:04] INFO     [DRY-RUN] 重命名: FVFHSF0003D0001JYP_FVFHSF0003D0001JYP#218_20260623_111248 -> #218_Edge_pick_FVFHSF0003D0001JYP_20260623_111248
[22:27:04] INFO     [DRY-RUN] 会将 SN [FVFHSF0003D0001JYP] 的 CP1 状态从 N 标记为 Y
[22:27:04] INFO       总计: 1 个文件夹
[22:27:04] INFO       待重命名: 1 个
[22:27:04] INFO       已跳过(已noorm): 0 个
[22:27:04] INFO       已完成(全部CP): 0 个
[22:27:04] INFO       无法处理: 0 个
[22:27:04] INFO     ============================================================
[22:27:04] INFO       [DRY-RUN] HealthCheck CSV 标准化预览
[22:27:04] INFO     ============================================================
[22:27:04] INFO     找到 HealthCheck CSV: FATP-HealthCheck__X3819_2026-06-23_2.2.30.0_SpecNA-1.csv
[22:27:04] INFO     开始处理 CSV: FATP-HealthCheck__X3819_2026-06-23_2.2.30.0_SpecNA-1.csv
[22:27:04] DEBUG    表头替换: MpToolLib -> Touch Station (col 0)
[22:27:04] DEBUG    Row1 列0 替换: serialnumber -> SerialNumber
[22:27:04] DEBUG    Row1 列1 替换: overallResult -> Test Pass/Fail Status
[22:27:04] DEBUG    Row1 列5 替换: startTime -> StartTime
[22:27:04] INFO     表头标准化完成
[22:27:04] INFO     Row0 首列之外已置空
[22:27:04] INFO     没有需要删除的空 SN 行
[22:27:04] INFO     CSV 与文件夹 SN 完全匹配，共 1 个
[22:27:04] INFO     [DRY-RUN] 跳过 CSV 写入
[22:27:04] INFO       原始行数: 5
[22:27:04] INFO       最终行数: 5
[22:27:04] INFO       删除空行: 0
[22:27:04] INFO       SN 匹配: 完全匹配
[22:28:08] INFO     ============================================================
[22:28:08] INFO       文件夹名称标准化
[22:28:08] INFO     ============================================================
[22:28:08] INFO     重命名成功: FVFHSF0003D0001JYP_FVFHSF0003D0001JYP#218_20260623_111248 -> #218_Edge_pick_FVFHSF0003D0001JYP_20260623_111248
[22:28:08] INFO     SN [FVFHSF0003D0001JYP] CP1 状态已标记为 Y (原: N)
[22:28:08] INFO     _wfcheck.csv 已更新 (233 条记录)
[22:28:08] INFO       总计: 1 个文件夹
[22:28:08] INFO       待重命名: 1 个
[22:28:08] INFO       已跳过(已noorm): 0 个
[22:28:08] INFO       已完成: 1 个
[22:28:08] INFO       已完成(全部CP): 0 个
[22:28:08] INFO       无法处理: 0 个
[22:28:08] INFO     ============================================================
[22:28:08] INFO       HealthCheck CSV 标准化
[22:28:08] INFO     ============================================================
[22:28:08] INFO     找到 HealthCheck CSV: FATP-HealthCheck__X3819_2026-06-23_2.2.30.0_SpecNA-1.csv
[22:28:08] INFO     开始处理 CSV: FATP-HealthCheck__X3819_2026-06-23_2.2.30.0_SpecNA-1.csv
[22:28:08] INFO     表头标准化完成
[22:28:08] INFO     Row0 首列之外已置空
[22:28:08] INFO     没有需要删除的空 SN 行
[22:28:08] INFO     CSV 与文件夹 SN 完全匹配，共 1 个
[22:28:08] INFO     原文件备份至: ./example/OPHS 65:90/OPHS 65:90 72h/TestLogging/FATP-HealthCheck__X3819_2026-06-23_2.2.30.0_SpecNA-1.csv.bak
[22:28:08] INFO     已写入标准化 CSV: FATP-HealthCheck__X3819_2026-06-23_2.2.30.0_SpecNA-1.csv
[22:28:08] INFO       原始行数: 5
[22:28:08] INFO       最终行数: 5
[22:28:08] INFO       删除空行: 0
[22:28:08] INFO       SN 匹配: 完全匹配
